key[0] = key0=key0
key[1] = key-filter1=sucess: value from filter1
key[2] = key-filter2=success: value from filter2
key[3] = key-filter1And2=success: value from filter1
key[4] = key-noFilter=${key-noFilter}
