key0=key0
key-filter1=sucess: value from filter1
key-filter2=success: value from filter2
key-filter1And2=success: value from filter1
key-noFilter=${key-noFilter}
